// Jest Snapshot v1, https://goo.gl/fbAQLP

exports[`Pruebas sobre el componente App Debe de hacer match con nel snaptshot 1`] = `
<div>
  <div
    class="App"
  >
    <div
      class="contenedor-calculadora"
    >
      <div
        class="input"
      >
        0
      </div>
      <div
        class="fila"
      >
        <div
          class="boton-contenedor"
        >
          1
        </div>
        <div
          class="boton-contenedor"
        >
          2
        </div>
        <div
          class="boton-contenedor"
        >
          3
        </div>
        <div
          class="boton-contenedor operador"
        >
          +
        </div>
      </div>
      <div
        class="fila"
      >
        <div
          class="boton-contenedor"
        >
          4
        </div>
        <div
          class="boton-contenedor"
        >
          5
        </div>
        <div
          class="boton-contenedor"
        >
          6
        </div>
        <div
          class="boton-contenedor operador"
        >
          -
        </div>
      </div>
      <div
        class="fila"
      >
        <div
          class="boton-contenedor"
        >
          7
        </div>
        <div
          class="boton-contenedor"
        >
          8
        </div>
        <div
          class="boton-contenedor"
        >
          9
        </div>
        <div
          class="boton-contenedor operador"
        >
          *
        </div>
      </div>
      <div
        class="fila"
      >
        <div
          class="boton-contenedor"
        >
          =
        </div>
        <div
          class="boton-contenedor"
        >
          0
        </div>
        <div
          class="boton-contenedor"
        >
          .
        </div>
        <div
          class="boton-contenedor operador"
        >
          /
        </div>
      </div>
      <div
        class="fila"
      >
        <div
          class="boton-clear"
        >
          Clear
        </div>
      </div>
    </div>
  </div>
</div>
`;
